[
  {
    "Plan": {
      "Node Type": "Aggregate",
      "Strategy": "Plain",
      "Partial Mode": "Simple",
      "Parallel Aware": false,
      "Async Capable": false,
      "Startup Cost": 3.08,
      "Total Cost": 3.09,
      "Plan Rows": 1,
      "Plan Width": 8,
      "Output": ["count(*)"],
      "Plans": [
        {
          "Node Type": "Index Only Scan",
          "Parent Relationship": "Outer",
          "Parallel Aware": false,
          "Async Capable": false,
          "Scan Direction": "Forward",
          "Index Name": "taxonomy_v2_taxa_parent_idx",
          "Relation Name": "taxonomy_v2_taxa",
          "Schema": "public",
          "Alias": "t",
          "Startup Cost": 0.42,
          "Total Cost": 3.08,
          "Plan Rows": 1,
          "Plan Width": 0,
          "Output": ["t.release_id", "t.parent_sporely_taxon_id"],
          "Index Cond": "((t.release_id = 'tax-2026.10.07-01'::text) AND (t.parent_sporely_taxon_id IS NOT NULL))",
          "Filter": "(NOT EXISTS(SubPlan 1))",
          "Plans": [
            {
              "Node Type": "Index Only Scan",
              "Parent Relationship": "SubPlan",
              "Subplan Name": "SubPlan 1",
              "Parallel Aware": false,
              "Async Capable": false,
              "Scan Direction": "Forward",
              "Index Name": "taxonomy_v2_taxa_pkey",
              "Relation Name": "taxonomy_v2_taxa",
              "Schema": "public",
              "Alias": "p",
              "Startup Cost": 0.42,
              "Total Cost": 1.54,
              "Plan Rows": 1,
              "Plan Width": 4,
              "Output": ["1"],
              "Index Cond": "((p.release_id = t.release_id) AND (p.sporely_taxon_id = t.parent_sporely_taxon_id))"
            }
          ]
        }
      ]
    },
    "Query Identifier": 2175052637181081762
  }
]
