[
  {
    "Plan": {
      "Node Type": "Aggregate",
      "Strategy": "Plain",
      "Partial Mode": "Simple",
      "Parallel Aware": false,
      "Async Capable": false,
      "Startup Cost": 3388.42,
      "Total Cost": 3388.43,
      "Plan Rows": 1,
      "Plan Width": 8,
      "Actual Startup Time": 351.012,
      "Actual Total Time": 351.013,
      "Actual Rows": 1,
      "Actual Loops": 1,
      "Output": ["count(*)"],
      "Shared Hit Blocks": 412,
      "Shared Read Blocks": 2,
      "Shared Dirtied Blocks": 0,
      "Shared Written Blocks": 0,
      "Local Hit Blocks": 0,
      "Local Read Blocks": 0,
      "Local Dirtied Blocks": 0,
      "Local Written Blocks": 0,
      "Temp Read Blocks": 0,
      "Temp Written Blocks": 0,
      "Plans": [
        {
          "Node Type": "Merge Join",
          "Parent Relationship": "Outer",
          "Parallel Aware": false,
          "Async Capable": false,
          "Join Type": "Right Anti",
          "Startup Cost": 5.22,
          "Total Cost": 3388.42,
          "Plan Rows": 1,
          "Plan Width": 0,
          "Actual Startup Time": 294.854,
          "Actual Total Time": 351.005,
          "Actual Rows": 1,
          "Actual Loops": 1,
          "Inner Unique": false,
          "Merge Cond": "(p.sporely_taxon_id = t.parent_sporely_taxon_id)",
          "Shared Hit Blocks": 412,
          "Shared Read Blocks": 2,
          "Shared Dirtied Blocks": 0,
          "Shared Written Blocks": 0,
          "Local Hit Blocks": 0,
          "Local Read Blocks": 0,
          "Local Dirtied Blocks": 0,
          "Local Written Blocks": 0,
          "Temp Read Blocks": 0,
          "Temp Written Blocks": 0,
          "Plans": [
            {
              "Node Type": "Index Only Scan",
              "Parent Relationship": "Outer",
              "Parallel Aware": false,
              "Async Capable": false,
              "Scan Direction": "Forward",
              "Index Name": "taxonomy_v2_taxa_pkey",
              "Relation Name": "taxonomy_v2_taxa",
              "Schema": "public",
              "Alias": "p",
              "Startup Cost": 0.42,
              "Total Cost": 1407.97,
              "Plan Rows": 52334,
              "Plan Width": 26,
              "Actual Startup Time": 9.330,
              "Actual Total Time": 245.132,
              "Actual Rows": 52902,
              "Actual Loops": 1,
              "Output": ["p.release_id", "p.sporely_taxon_id"],
              "Index Cond": "(p.release_id = 'tax-2026.09.30-01'::text)",
              "Rows Removed by Index Recheck": 0,
              "Heap Fetches": 0,
              "Shared Hit Blocks": 323,
              "Shared Read Blocks": 0,
              "Shared Dirtied Blocks": 0,
              "Shared Written Blocks": 0,
              "Local Hit Blocks": 0,
              "Local Read Blocks": 0,
              "Local Dirtied Blocks": 0,
              "Local Written Blocks": 0,
              "Temp Read Blocks": 0,
              "Temp Written Blocks": 0
            },
            {
              "Node Type": "Index Only Scan",
              "Parent Relationship": "Inner",
              "Parallel Aware": false,
              "Async Capable": false,
              "Scan Direction": "Forward",
              "Index Name": "taxonomy_v2_taxa_parent_idx",
              "Relation Name": "taxonomy_v2_taxa",
              "Schema": "public",
              "Alias": "t",
              "Startup Cost": 0.42,
              "Total Cost": 1176.90,
              "Plan Rows": 52334,
              "Plan Width": 26,
              "Actual Startup Time": 5.647,
              "Actual Total Time": 96.128,
              "Actual Rows": 52917,
              "Actual Loops": 1,
              "Output": ["t.release_id", "t.parent_sporely_taxon_id"],
              "Index Cond": "((t.release_id = 'tax-2026.09.30-01'::text) AND (t.parent_sporely_taxon_id IS NOT NULL))",
              "Rows Removed by Index Recheck": 0,
              "Heap Fetches": 0,
              "Shared Hit Blocks": 89,
              "Shared Read Blocks": 2,
              "Shared Dirtied Blocks": 0,
              "Shared Written Blocks": 0,
              "Local Hit Blocks": 0,
              "Local Read Blocks": 0,
              "Local Dirtied Blocks": 0,
              "Local Written Blocks": 0,
              "Temp Read Blocks": 0,
              "Temp Written Blocks": 0
            }
          ]
        }
      ]
    },
    "Settings": {
      "jit": "off",
      "effective_cache_size": "384MB",
      "effective_io_concurrency": "200",
      "max_parallel_workers": "2",
      "max_parallel_workers_per_gather": "1",
      "random_page_cost": "1.1",
      "work_mem": "2184kB",
      "search_path": "\"\\$user\", public, extensions"
    },
    "Query Identifier": 7840081157164526219,
    "Planning": {
      "Shared Hit Blocks": 0,
      "Shared Read Blocks": 0,
      "Shared Dirtied Blocks": 0,
      "Shared Written Blocks": 0,
      "Local Hit Blocks": 0,
      "Local Read Blocks": 0,
      "Local Dirtied Blocks": 0,
      "Local Written Blocks": 0,
      "Temp Read Blocks": 0,
      "Temp Written Blocks": 0
    },
    "Planning Time": 0.228,
    "Triggers": [
    ],
    "Execution Time": 351.086
  }
]
