[
  {
    "Plan": {
      "Node Type": "Aggregate",
      "Strategy": "Plain",
      "Partial Mode": "Simple",
      "Parallel Aware": false,
      "Async Capable": false,
      "Startup Cost": 3.09,
      "Total Cost": 3.10,
      "Plan Rows": 1,
      "Plan Width": 8,
      "Output": ["count(*)"],
      "Plans": [
        {
          "Node Type": "Nested Loop",
          "Parent Relationship": "Outer",
          "Parallel Aware": false,
          "Async Capable": false,
          "Join Type": "Anti",
          "Startup Cost": 0.84,
          "Total Cost": 3.09,
          "Plan Rows": 1,
          "Plan Width": 0,
          "Inner Unique": false,
          "Join Filter": "(p.sporely_taxon_id = t.parent_sporely_taxon_id)",
          "Plans": [
            {
              "Node Type": "Index Only Scan",
              "Parent Relationship": "Outer",
              "Parallel Aware": false,
              "Async Capable": false,
              "Scan Direction": "Forward",
              "Index Name": "taxonomy_v2_taxa_parent_idx",
              "Relation Name": "taxonomy_v2_taxa",
              "Schema": "public",
              "Alias": "t",
              "Startup Cost": 0.42,
              "Total Cost": 1.54,
              "Plan Rows": 1,
              "Plan Width": 26,
              "Output": ["t.release_id", "t.parent_sporely_taxon_id"],
              "Index Cond": "((t.release_id = 'tax-2026.10.07-01'::text) AND (t.parent_sporely_taxon_id IS NOT NULL))"
            },
            {
              "Node Type": "Index Only Scan",
              "Parent Relationship": "Inner",
              "Parallel Aware": false,
              "Async Capable": false,
              "Scan Direction": "Forward",
              "Index Name": "taxonomy_v2_taxa_pkey",
              "Relation Name": "taxonomy_v2_taxa",
              "Schema": "public",
              "Alias": "p",
              "Startup Cost": 0.42,
              "Total Cost": 1.54,
              "Plan Rows": 1,
              "Plan Width": 26,
              "Output": ["p.release_id", "p.sporely_taxon_id"],
              "Index Cond": "(p.release_id = 'tax-2026.10.07-01'::text)"
            }
          ]
        }
      ]
    },
    "Query Identifier": -9089525818381297827
  }
]
[
  {
    "Plan": {
      "Node Type": "Aggregate",
      "Strategy": "Plain",
      "Partial Mode": "Simple",
      "Parallel Aware": false,
      "Async Capable": false,
      "Startup Cost": 3404.46,
      "Total Cost": 3404.47,
      "Plan Rows": 1,
      "Plan Width": 8,
      "Actual Startup Time": 22.369,
      "Actual Total Time": 22.370,
      "Actual Rows": 1,
      "Actual Loops": 1,
      "Output": ["count(*)"],
      "Shared Hit Blocks": 414,
      "Shared Read Blocks": 0,
      "Shared Dirtied Blocks": 0,
      "Shared Written Blocks": 0,
      "Local Hit Blocks": 0,
      "Local Read Blocks": 0,
      "Local Dirtied Blocks": 0,
      "Local Written Blocks": 0,
      "Temp Read Blocks": 0,
      "Temp Written Blocks": 0,
      "Plans": [
        {
          "Node Type": "Merge Join",
          "Parent Relationship": "Outer",
          "Parallel Aware": false,
          "Async Capable": false,
          "Join Type": "Right Anti",
          "Startup Cost": 5.22,
          "Total Cost": 3404.45,
          "Plan Rows": 1,
          "Plan Width": 0,
          "Actual Startup Time": 19.325,
          "Actual Total Time": 22.363,
          "Actual Rows": 1,
          "Actual Loops": 1,
          "Inner Unique": false,
          "Merge Cond": "(p.sporely_taxon_id = t.parent_sporely_taxon_id)",
          "Shared Hit Blocks": 414,
          "Shared Read Blocks": 0,
          "Shared Dirtied Blocks": 0,
          "Shared Written Blocks": 0,
          "Local Hit Blocks": 0,
          "Local Read Blocks": 0,
          "Local Dirtied Blocks": 0,
          "Local Written Blocks": 0,
          "Temp Read Blocks": 0,
          "Temp Written Blocks": 0,
          "Plans": [
            {
              "Node Type": "Index Only Scan",
              "Parent Relationship": "Outer",
              "Parallel Aware": false,
              "Async Capable": false,
              "Scan Direction": "Forward",
              "Index Name": "taxonomy_v2_taxa_pkey",
              "Relation Name": "taxonomy_v2_taxa",
              "Schema": "public",
              "Alias": "p",
              "Startup Cost": 0.42,
              "Total Cost": 1412.91,
              "Plan Rows": 52491,
              "Plan Width": 26,
              "Actual Startup Time": 0.029,
              "Actual Total Time": 7.548,
              "Actual Rows": 52902,
              "Actual Loops": 1,
              "Output": ["p.release_id", "p.sporely_taxon_id"],
              "Index Cond": "(p.release_id = $1)",
              "Rows Removed by Index Recheck": 0,
              "Heap Fetches": 0,
              "Shared Hit Blocks": 323,
              "Shared Read Blocks": 0,
              "Shared Dirtied Blocks": 0,
              "Shared Written Blocks": 0,
              "Local Hit Blocks": 0,
              "Local Read Blocks": 0,
              "Local Dirtied Blocks": 0,
              "Local Written Blocks": 0,
              "Temp Read Blocks": 0,
              "Temp Written Blocks": 0
            },
            {
              "Node Type": "Index Only Scan",
              "Parent Relationship": "Inner",
              "Parallel Aware": false,
              "Async Capable": false,
              "Scan Direction": "Forward",
              "Index Name": "taxonomy_v2_taxa_parent_idx",
              "Relation Name": "taxonomy_v2_taxa",
              "Schema": "public",
              "Alias": "t",
              "Startup Cost": 0.42,
              "Total Cost": 1180.04,
              "Plan Rows": 52491,
              "Plan Width": 26,
              "Actual Startup Time": 0.034,
              "Actual Total Time": 6.214,
              "Actual Rows": 52917,
              "Actual Loops": 1,
              "Output": ["t.release_id", "t.parent_sporely_taxon_id"],
              "Index Cond": "((t.release_id = $1) AND (t.parent_sporely_taxon_id IS NOT NULL))",
              "Rows Removed by Index Recheck": 0,
              "Heap Fetches": 0,
              "Shared Hit Blocks": 91,
              "Shared Read Blocks": 0,
              "Shared Dirtied Blocks": 0,
              "Shared Written Blocks": 0,
              "Local Hit Blocks": 0,
              "Local Read Blocks": 0,
              "Local Dirtied Blocks": 0,
              "Local Written Blocks": 0,
              "Temp Read Blocks": 0,
              "Temp Written Blocks": 0
            }
          ]
        }
      ]
    },
    "Settings": {
      "jit": "off",
      "effective_cache_size": "384MB",
      "effective_io_concurrency": "200",
      "max_parallel_workers": "2",
      "max_parallel_workers_per_gather": "1",
      "random_page_cost": "1.1",
      "work_mem": "2184kB",
      "search_path": "\"\\$user\", public, extensions",
      "plan_cache_mode": "force_generic_plan"
    },
    "Query Identifier": -9089525818381297827,
    "Planning": {
      "Shared Hit Blocks": 0,
      "Shared Read Blocks": 0,
      "Shared Dirtied Blocks": 0,
      "Shared Written Blocks": 0,
      "Local Hit Blocks": 0,
      "Local Read Blocks": 0,
      "Local Dirtied Blocks": 0,
      "Local Written Blocks": 0,
      "Temp Read Blocks": 0,
      "Temp Written Blocks": 0
    },
    "Planning Time": 0.265,
    "Triggers": [
    ],
    "Execution Time": 22.419
  }
]
