[
  {
    "Plan": {
      "Node Type": "Aggregate",
      "Strategy": "Plain",
      "Partial Mode": "Simple",
      "Parallel Aware": false,
      "Async Capable": false,
      "Startup Cost": 3.09,
      "Total Cost": 3.10,
      "Plan Rows": 1,
      "Plan Width": 8,
      "Output": ["count(*)"],
      "Plans": [
        {
          "Node Type": "Nested Loop",
          "Parent Relationship": "Outer",
          "Parallel Aware": false,
          "Async Capable": false,
          "Join Type": "Anti",
          "Startup Cost": 0.84,
          "Total Cost": 3.09,
          "Plan Rows": 1,
          "Plan Width": 0,
          "Inner Unique": false,
          "Join Filter": "(p.sporely_taxon_id = t.parent_sporely_taxon_id)",
          "Plans": [
            {
              "Node Type": "Index Only Scan",
              "Parent Relationship": "Outer",
              "Parallel Aware": false,
              "Async Capable": false,
              "Scan Direction": "Forward",
              "Index Name": "taxonomy_v2_taxa_parent_idx",
              "Relation Name": "taxonomy_v2_taxa",
              "Schema": "public",
              "Alias": "t",
              "Startup Cost": 0.42,
              "Total Cost": 1.54,
              "Plan Rows": 1,
              "Plan Width": 8,
              "Output": ["t.release_id", "t.parent_sporely_taxon_id"],
              "Index Cond": "((t.release_id = 'tax-2026.10.07-01'::text) AND (t.parent_sporely_taxon_id IS NOT NULL))"
            },
            {
              "Node Type": "Index Only Scan",
              "Parent Relationship": "Inner",
              "Parallel Aware": false,
              "Async Capable": false,
              "Scan Direction": "Forward",
              "Index Name": "taxonomy_v2_taxa_pkey",
              "Relation Name": "taxonomy_v2_taxa",
              "Schema": "public",
              "Alias": "p",
              "Startup Cost": 0.42,
              "Total Cost": 1.54,
              "Plan Rows": 1,
              "Plan Width": 8,
              "Output": ["p.release_id", "p.sporely_taxon_id"],
              "Index Cond": "(p.release_id = 'tax-2026.10.07-01'::text)"
            }
          ]
        }
      ]
    },
    "Query Identifier": 2996048307255663133
  }
]
[
  {
    "Plan": {
      "Node Type": "Aggregate",
      "Strategy": "Plain",
      "Partial Mode": "Simple",
      "Parallel Aware": false,
      "Async Capable": false,
      "Startup Cost": 3373.73,
      "Total Cost": 3373.74,
      "Plan Rows": 1,
      "Plan Width": 8,
      "Actual Startup Time": 206.489,
      "Actual Total Time": 206.490,
      "Actual Rows": 1,
      "Actual Loops": 1,
      "Shared Hit Blocks": 414,
      "Shared Read Blocks": 0,
      "Shared Dirtied Blocks": 0,
      "Shared Written Blocks": 0,
      "Local Hit Blocks": 0,
      "Local Read Blocks": 0,
      "Local Dirtied Blocks": 0,
      "Local Written Blocks": 0,
      "Temp Read Blocks": 0,
      "Temp Written Blocks": 0,
      "Plans": [
        {
          "Node Type": "Merge Join",
          "Parent Relationship": "Outer",
          "Parallel Aware": false,
          "Async Capable": false,
          "Join Type": "Anti",
          "Startup Cost": 5.22,
          "Total Cost": 3373.73,
          "Plan Rows": 1,
          "Plan Width": 0,
          "Actual Startup Time": 173.046,
          "Actual Total Time": 206.482,
          "Actual Rows": 1,
          "Actual Loops": 1,
          "Inner Unique": false,
          "Merge Cond": "(t.parent_sporely_taxon_id = p.sporely_taxon_id)",
          "Shared Hit Blocks": 414,
          "Shared Read Blocks": 0,
          "Shared Dirtied Blocks": 0,
          "Shared Written Blocks": 0,
          "Local Hit Blocks": 0,
          "Local Read Blocks": 0,
          "Local Dirtied Blocks": 0,
          "Local Written Blocks": 0,
          "Temp Read Blocks": 0,
          "Temp Written Blocks": 0,
          "Plans": [
            {
              "Node Type": "Index Only Scan",
              "Parent Relationship": "Outer",
              "Parallel Aware": false,
              "Async Capable": false,
              "Scan Direction": "Forward",
              "Index Name": "taxonomy_v2_taxa_parent_idx",
              "Relation Name": "taxonomy_v2_taxa",
              "Alias": "t",
              "Startup Cost": 0.42,
              "Total Cost": 1176.90,
              "Plan Rows": 52334,
              "Plan Width": 8,
              "Actual Startup Time": 5.556,
              "Actual Total Time": 51.154,
              "Actual Rows": 52917,
              "Actual Loops": 1,
              "Index Cond": "((release_id = 'tax-2026.09.30-01'::text) AND (parent_sporely_taxon_id IS NOT NULL))",
              "Rows Removed by Index Recheck": 0,
              "Heap Fetches": 0,
              "Shared Hit Blocks": 91,
              "Shared Read Blocks": 0,
              "Shared Dirtied Blocks": 0,
              "Shared Written Blocks": 0,
              "Local Hit Blocks": 0,
              "Local Read Blocks": 0,
              "Local Dirtied Blocks": 0,
              "Local Written Blocks": 0,
              "Temp Read Blocks": 0,
              "Temp Written Blocks": 0
            },
            {
              "Node Type": "Index Only Scan",
              "Parent Relationship": "Inner",
              "Parallel Aware": false,
              "Async Capable": false,
              "Scan Direction": "Forward",
              "Index Name": "taxonomy_v2_taxa_pkey",
              "Relation Name": "taxonomy_v2_taxa",
              "Alias": "p",
              "Startup Cost": 0.42,
              "Total Cost": 1407.97,
              "Plan Rows": 52334,
              "Plan Width": 8,
              "Actual Startup Time": 1.919,
              "Actual Total Time": 145.538,
              "Actual Rows": 52901,
              "Actual Loops": 1,
              "Index Cond": "(release_id = 'tax-2026.09.30-01'::text)",
              "Rows Removed by Index Recheck": 0,
              "Heap Fetches": 0,
              "Shared Hit Blocks": 323,
              "Shared Read Blocks": 0,
              "Shared Dirtied Blocks": 0,
              "Shared Written Blocks": 0,
              "Local Hit Blocks": 0,
              "Local Read Blocks": 0,
              "Local Dirtied Blocks": 0,
              "Local Written Blocks": 0,
              "Temp Read Blocks": 0,
              "Temp Written Blocks": 0
            }
          ]
        }
      ]
    },
    "Planning": {
      "Shared Hit Blocks": 3,
      "Shared Read Blocks": 0,
      "Shared Dirtied Blocks": 0,
      "Shared Written Blocks": 0,
      "Local Hit Blocks": 0,
      "Local Read Blocks": 0,
      "Local Dirtied Blocks": 0,
      "Local Written Blocks": 0,
      "Temp Read Blocks": 0,
      "Temp Written Blocks": 0
    },
    "Planning Time": 0.283,
    "Triggers": [
    ],
    "Execution Time": 206.562
  }
]
