[
  {
    "Plan": {
      "Node Type": "Aggregate",
      "Strategy": "Plain",
      "Partial Mode": "Simple",
      "Parallel Aware": false,
      "Async Capable": false,
      "Startup Cost": 16.55,
      "Total Cost": 16.56,
      "Plan Rows": 1,
      "Plan Width": 8,
      "Actual Startup Time": 2448.649,
      "Actual Total Time": 2448.650,
      "Actual Rows": 1,
      "Actual Loops": 1,
      "Output": ["count(*)"],
      "Shared Hit Blocks": 22702029,
      "Shared Read Blocks": 0,
      "Shared Dirtied Blocks": 0,
      "Shared Written Blocks": 0,
      "Local Hit Blocks": 0,
      "Local Read Blocks": 0,
      "Local Dirtied Blocks": 0,
      "Local Written Blocks": 0,
      "Temp Read Blocks": 0,
      "Temp Written Blocks": 0,
      "Plans": [
        {
          "Node Type": "Nested Loop",
          "Parent Relationship": "Outer",
          "Parallel Aware": false,
          "Async Capable": false,
          "Join Type": "Anti",
          "Startup Cost": 0.50,
          "Total Cost": 16.55,
          "Plan Rows": 1,
          "Plan Width": 0,
          "Actual Startup Time": 2448.647,
          "Actual Total Time": 2448.647,
          "Actual Rows": 0,
          "Actual Loops": 1,
          "Inner Unique": false,
          "Join Filter": "(p.sporely_taxon_id = t.parent_sporely_taxon_id)",
          "Rows Removed by Join Filter": 22648048,
          "Shared Hit Blocks": 22702029,
          "Shared Read Blocks": 0,
          "Shared Dirtied Blocks": 0,
          "Shared Written Blocks": 0,
          "Local Hit Blocks": 0,
          "Local Read Blocks": 0,
          "Local Dirtied Blocks": 0,
          "Local Written Blocks": 0,
          "Temp Read Blocks": 0,
          "Temp Written Blocks": 0,
          "Plans": [
            {
              "Node Type": "Index Only Scan",
              "Parent Relationship": "Outer",
              "Parallel Aware": false,
              "Async Capable": false,
              "Scan Direction": "Forward",
              "Index Name": "taxonomy_v2_taxa_parent_idx",
              "Relation Name": "taxonomy_v2_taxa",
              "Schema": "public",
              "Alias": "t",
              "Startup Cost": 0.25,
              "Total Cost": 8.27,
              "Plan Rows": 1,
              "Plan Width": 40,
              "Actual Startup Time": 0.011,
              "Actual Total Time": 10.814,
              "Actual Rows": 52916,
              "Actual Loops": 1,
              "Output": ["t.release_id", "t.parent_sporely_taxon_id"],
              "Index Cond": "((t.release_id = 'tax-2097.01.01-01'::text) AND (t.parent_sporely_taxon_id IS NOT NULL))",
              "Rows Removed by Index Recheck": 0,
              "Heap Fetches": 52916,
              "Shared Hit Blocks": 1065,
              "Shared Read Blocks": 0,
              "Shared Dirtied Blocks": 0,
              "Shared Written Blocks": 0,
              "Local Hit Blocks": 0,
              "Local Read Blocks": 0,
              "Local Dirtied Blocks": 0,
              "Local Written Blocks": 0,
              "Temp Read Blocks": 0,
              "Temp Written Blocks": 0
            },
            {
              "Node Type": "Index Scan",
              "Parent Relationship": "Inner",
              "Parallel Aware": false,
              "Async Capable": false,
              "Scan Direction": "Forward",
              "Index Name": "taxonomy_v2_taxa_canonical_source_idx",
              "Relation Name": "taxonomy_v2_taxa",
              "Schema": "public",
              "Alias": "p",
              "Startup Cost": 0.25,
              "Total Cost": 8.27,
              "Plan Rows": 1,
              "Plan Width": 40,
              "Actual Startup Time": 0.001,
              "Actual Total Time": 0.037,
              "Actual Rows": 429,
              "Actual Loops": 52916,
              "Output": ["p.release_id", "p.sporely_taxon_id", "p.parent_sporely_taxon_id", "p.genus", "p.specific_epithet", "p.family", "p.canonical_scientific_name", "p.taxon_rank", "p.taxonomic_status", "p.source_system", "p.canonical_source_system", "p.canonical_external_id", "p.preferred_scientific_name_no", "p.preferred_scientific_name_no_source_system", "p.preferred_scientific_name_no_namespace", "p.preferred_scientific_name_no_external_id", "p.preferred_scientific_name_sv", "p.preferred_scientific_name_sv_source_system", "p.preferred_scientific_name_sv_namespace", "p.preferred_scientific_name_sv_external_id"],
              "Index Cond": "(p.release_id = 'tax-2097.01.01-01'::text)",
              "Rows Removed by Index Recheck": 0,
              "Shared Hit Blocks": 22700964,
              "Shared Read Blocks": 0,
              "Shared Dirtied Blocks": 0,
              "Shared Written Blocks": 0,
              "Local Hit Blocks": 0,
              "Local Read Blocks": 0,
              "Local Dirtied Blocks": 0,
              "Local Written Blocks": 0,
              "Temp Read Blocks": 0,
              "Temp Written Blocks": 0
            }
          ]
        }
      ]
    },
    "Query Identifier": -9073760443364222872,
    "Planning": {
      "Shared Hit Blocks": 88,
      "Shared Read Blocks": 0,
      "Shared Dirtied Blocks": 2,
      "Shared Written Blocks": 0,
      "Local Hit Blocks": 0,
      "Local Read Blocks": 0,
      "Local Dirtied Blocks": 0,
      "Local Written Blocks": 0,
      "Temp Read Blocks": 0,
      "Temp Written Blocks": 0
    },
    "Planning Time": 0.104,
    "Triggers": [
    ],
    "Execution Time": 2448.662
  }
]
[
  {
    "Plan": {
      "Node Type": "Aggregate",
      "Strategy": "Plain",
      "Partial Mode": "Simple",
      "Parallel Aware": false,
      "Async Capable": false,
      "Startup Cost": 16.54,
      "Total Cost": 16.55,
      "Plan Rows": 1,
      "Plan Width": 8,
      "Actual Startup Time": 1903.089,
      "Actual Total Time": 1903.089,
      "Actual Rows": 1,
      "Actual Loops": 1,
      "Output": ["count(*)"],
      "Shared Hit Blocks": 22702031,
      "Shared Read Blocks": 0,
      "Shared Dirtied Blocks": 0,
      "Shared Written Blocks": 0,
      "Local Hit Blocks": 0,
      "Local Read Blocks": 0,
      "Local Dirtied Blocks": 0,
      "Local Written Blocks": 0,
      "Temp Read Blocks": 0,
      "Temp Written Blocks": 0,
      "Plans": [
        {
          "Node Type": "Index Scan",
          "Parent Relationship": "Outer",
          "Parallel Aware": false,
          "Async Capable": false,
          "Scan Direction": "Forward",
          "Index Name": "taxonomy_v2_taxa_canonical_source_idx",
          "Relation Name": "taxonomy_v2_taxa",
          "Schema": "public",
          "Alias": "t",
          "Startup Cost": 0.25,
          "Total Cost": 16.54,
          "Plan Rows": 1,
          "Plan Width": 0,
          "Actual Startup Time": 1903.087,
          "Actual Total Time": 1903.087,
          "Actual Rows": 0,
          "Actual Loops": 1,
          "Output": ["t.release_id", "t.sporely_taxon_id", "t.parent_sporely_taxon_id", "t.genus", "t.specific_epithet", "t.family", "t.canonical_scientific_name", "t.taxon_rank", "t.taxonomic_status", "t.source_system", "t.canonical_source_system", "t.canonical_external_id", "t.preferred_scientific_name_no", "t.preferred_scientific_name_no_source_system", "t.preferred_scientific_name_no_namespace", "t.preferred_scientific_name_no_external_id", "t.preferred_scientific_name_sv", "t.preferred_scientific_name_sv_source_system", "t.preferred_scientific_name_sv_namespace", "t.preferred_scientific_name_sv_external_id"],
          "Index Cond": "(t.release_id = 'tax-2097.01.01-01'::text)",
          "Rows Removed by Index Recheck": 0,
          "Filter": "((t.parent_sporely_taxon_id IS NOT NULL) AND (NOT EXISTS(SubPlan 1)))",
          "Rows Removed by Filter": 52917,
          "Shared Hit Blocks": 22702031,
          "Shared Read Blocks": 0,
          "Shared Dirtied Blocks": 0,
          "Shared Written Blocks": 0,
          "Local Hit Blocks": 0,
          "Local Read Blocks": 0,
          "Local Dirtied Blocks": 0,
          "Local Written Blocks": 0,
          "Temp Read Blocks": 0,
          "Temp Written Blocks": 0,
          "Plans": [
            {
              "Node Type": "Index Scan",
              "Parent Relationship": "SubPlan",
              "Subplan Name": "SubPlan 1",
              "Parallel Aware": false,
              "Async Capable": false,
              "Scan Direction": "Forward",
              "Index Name": "taxonomy_v2_taxa_canonical_source_idx",
              "Relation Name": "taxonomy_v2_taxa",
              "Schema": "public",
              "Alias": "p",
              "Startup Cost": 0.25,
              "Total Cost": 8.27,
              "Plan Rows": 1,
              "Plan Width": 4,
              "Actual Startup Time": 0.036,
              "Actual Total Time": 0.036,
              "Actual Rows": 1,
              "Actual Loops": 52916,
              "Output": ["1"],
              "Index Cond": "(p.release_id = t.release_id)",
              "Rows Removed by Index Recheck": 0,
              "Filter": "(p.sporely_taxon_id = t.parent_sporely_taxon_id)",
              "Rows Removed by Filter": 428,
              "Shared Hit Blocks": 22700964,
              "Shared Read Blocks": 0,
              "Shared Dirtied Blocks": 0,
              "Shared Written Blocks": 0,
              "Local Hit Blocks": 0,
              "Local Read Blocks": 0,
              "Local Dirtied Blocks": 0,
              "Local Written Blocks": 0,
              "Temp Read Blocks": 0,
              "Temp Written Blocks": 0
            }
          ]
        }
      ]
    },
    "Query Identifier": 4729285922300883156,
    "Planning": {
      "Shared Hit Blocks": 0,
      "Shared Read Blocks": 0,
      "Shared Dirtied Blocks": 0,
      "Shared Written Blocks": 0,
      "Local Hit Blocks": 0,
      "Local Read Blocks": 0,
      "Local Dirtied Blocks": 0,
      "Local Written Blocks": 0,
      "Temp Read Blocks": 0,
      "Temp Written Blocks": 0
    },
    "Planning Time": 0.065,
    "Triggers": [
    ],
    "Execution Time": 1903.105
  }
]
[
  {
    "Plan": {
      "Node Type": "Result",
      "Parallel Aware": false,
      "Async Capable": false,
      "Startup Cost": 0.00,
      "Total Cost": 0.26,
      "Plan Rows": 1,
      "Plan Width": 32,
      "Actual Startup Time": 1990.840,
      "Actual Total Time": 1990.840,
      "Actual Rows": 1,
      "Actual Loops": 1,
      "Shared Hit Blocks": 22863532,
      "Shared Read Blocks": 30,
      "Shared Dirtied Blocks": 0,
      "Shared Written Blocks": 0,
      "Local Hit Blocks": 0,
      "Local Read Blocks": 0,
      "Local Dirtied Blocks": 0,
      "Local Written Blocks": 0,
      "Temp Read Blocks": 0,
      "Temp Written Blocks": 0
    },
    "Planning": {
      "Shared Hit Blocks": 0,
      "Shared Read Blocks": 0,
      "Shared Dirtied Blocks": 0,
      "Shared Written Blocks": 0,
      "Local Hit Blocks": 0,
      "Local Read Blocks": 0,
      "Local Dirtied Blocks": 0,
      "Local Written Blocks": 0,
      "Temp Read Blocks": 0,
      "Temp Written Blocks": 0
    },
    "Planning Time": 0.012,
    "Triggers": [
    ],
    "Execution Time": 1990.848
  }
]
[
  {
    "Plan": {
      "Node Type": "Result",
      "Parallel Aware": false,
      "Async Capable": false,
      "Startup Cost": 0.00,
      "Total Cost": 0.26,
      "Plan Rows": 1,
      "Plan Width": 32,
      "Actual Startup Time": 2046.993,
      "Actual Total Time": 2046.993,
      "Actual Rows": 1,
      "Actual Loops": 1,
      "Shared Hit Blocks": 22862958,
      "Shared Read Blocks": 0,
      "Shared Dirtied Blocks": 0,
      "Shared Written Blocks": 0,
      "Local Hit Blocks": 0,
      "Local Read Blocks": 0,
      "Local Dirtied Blocks": 0,
      "Local Written Blocks": 0,
      "Temp Read Blocks": 0,
      "Temp Written Blocks": 0
    },
    "Planning": {
      "Shared Hit Blocks": 0,
      "Shared Read Blocks": 0,
      "Shared Dirtied Blocks": 0,
      "Shared Written Blocks": 0,
      "Local Hit Blocks": 0,
      "Local Read Blocks": 0,
      "Local Dirtied Blocks": 0,
      "Local Written Blocks": 0,
      "Temp Read Blocks": 0,
      "Temp Written Blocks": 0
    },
    "Planning Time": 0.002,
    "Triggers": [
    ],
    "Execution Time": 2046.996
  }
]

