{
 "promote": {
  "returncode": 0,
  "stderr_tail": [],
  "stdout_tail": [
   "  }",
   "}"
  ]
 },
 "promoted_files_equal_frozen": true,
 "compatibility_equals_frozen": true,
 "previous_evidence_retained": true,
 "superseded_gz_removed": [
  "tax-2026.09.30-01.sqlite3.gz"
 ],
 "new_files": [
  "tax-2026.10.06-01.evidence.tar.gz",
  "tax-2026.10.06-01.freeze.json",
  "tax-2026.10.06-01.sqlite3.gz"
 ],
 "forbidden_modules_loaded": [],
 "guard": "imports of compiler/normalizer/freeze/export modules, subprocess, gzip/tar writes raise inside promotion process",
 "repeat": {
  "returncode": 0,
  "stderr_tail": [],
  "stdout_tail": [
   "  }",
   "}"
  ]
 },
 "repeat_idempotent": true,
 "wrong_freeze_hash": {
  "returncode": 1,
  "stderr_tail": [
   "refused: freeze fingerprint mismatch"
  ],
  "stdout_tail": []
 },
 "wrong_freeze_hash_rejected_without_writes": true,
 "build_release_promote_without_hash": {
  "returncode": 2,
  "stderr_tail": [
   "error: not promoting: --promote requires --expect-freeze-sha256 of the reviewed freeze"
  ],
  "build_dir_created": false
 },
 "frozen_unchanged": true,
 "real_repo_bundle_and_compatibility_unchanged": true,
 "real_repo_hashes": {
  "manifest.json": "051464bbd8b343cc6d337fc92d5ddf433f716f0742aa55db49ae8e72f704cffa",
  "desktop-compatibility.json": "7afbe0719d2c74f93500c085a7dd7705e464487edb8f22da05c225cbac988051"
 }
}
{'manifest.json': True, 'tax-2026.10.06-01.evidence.tar.gz': True, 'tax-2026.10.06-01.sqlite3.gz': True, 'compatibility.json': True, 'freeze.json': True}
